Archive member included to satisfy reference by file (symbol)

c:/program files (x86)/atmel/studio/7.0/toolchain/avr8/avr8-gnu-toolchain/bin/../lib/gcc/avr/5.4.0/avr51\libgcc.a(_udivmodsi4.o)
                              main.o (__udivmodsi4)
c:/program files (x86)/atmel/studio/7.0/toolchain/avr8/avr8-gnu-toolchain/bin/../lib/gcc/avr/5.4.0/avr51\libgcc.a(_exit.o)
                              C:/Program Files (x86)/Atmel/Studio/7.0/Packs/Atmel/ATmega_DFP/1.4.351/gcc/dev/atmega128a/avr51/crtatmega128a.o (exit)
c:/program files (x86)/atmel/studio/7.0/toolchain/avr8/avr8-gnu-toolchain/bin/../lib/gcc/avr/5.4.0/avr51\libgcc.a(_copy_data.o)
                              main.o (__do_copy_data)
c:/program files (x86)/atmel/studio/7.0/toolchain/avr8/avr8-gnu-toolchain/bin/../lib/gcc/avr/5.4.0/avr51\libgcc.a(_clear_bss.o)
                              main.o (__do_clear_bss)
c:/program files (x86)/atmel/studio/7.0/toolchain/avr8/avr8-gnu-toolchain/bin/../lib/gcc/avr/5.4.0/../../../../avr/lib/avr51\libc.a(atoi.o)
                              main.o (atoi)
c:/program files (x86)/atmel/studio/7.0/toolchain/avr8/avr8-gnu-toolchain/bin/../lib/gcc/avr/5.4.0/../../../../avr/lib/avr51\libc.a(strcat.o)
                              main.o (strcat)
c:/program files (x86)/atmel/studio/7.0/toolchain/avr8/avr8-gnu-toolchain/bin/../lib/gcc/avr/5.4.0/../../../../avr/lib/avr51\libc.a(strcmp.o)
                              main.o (strcmp)
c:/program files (x86)/atmel/studio/7.0/toolchain/avr8/avr8-gnu-toolchain/bin/../lib/gcc/avr/5.4.0/../../../../avr/lib/avr51\libc.a(strcpy.o)
                              main.o (strcpy)
c:/program files (x86)/atmel/studio/7.0/toolchain/avr8/avr8-gnu-toolchain/bin/../lib/gcc/avr/5.4.0/../../../../avr/lib/avr51\libc.a(strncpy.o)
                              sources/uart_lib.o (strncpy)
c:/program files (x86)/atmel/studio/7.0/toolchain/avr8/avr8-gnu-toolchain/bin/../lib/gcc/avr/5.4.0/../../../../avr/lib/avr51\libc.a(mul10.o)
                              c:/program files (x86)/atmel/studio/7.0/toolchain/avr8/avr8-gnu-toolchain/bin/../lib/gcc/avr/5.4.0/../../../../avr/lib/avr51\libc.a(atoi.o) (__mulhi_const_10)
c:/program files (x86)/atmel/studio/7.0/toolchain/avr8/avr8-gnu-toolchain/bin/../lib/gcc/avr/5.4.0/../../../../avr/lib/avr51\libc.a(sprintf.o)
                              sources/uart_lib.o (sprintf)
c:/program files (x86)/atmel/studio/7.0/toolchain/avr8/avr8-gnu-toolchain/bin/../lib/gcc/avr/5.4.0/../../../../avr/lib/avr51\libc.a(vfprintf_std.o)
                              c:/program files (x86)/atmel/studio/7.0/toolchain/avr8/avr8-gnu-toolchain/bin/../lib/gcc/avr/5.4.0/../../../../avr/lib/avr51\libc.a(sprintf.o) (vfprintf)
c:/program files (x86)/atmel/studio/7.0/toolchain/avr8/avr8-gnu-toolchain/bin/../lib/gcc/avr/5.4.0/../../../../avr/lib/avr51\libc.a(strnlen_P.o)
                              c:/program files (x86)/atmel/studio/7.0/toolchain/avr8/avr8-gnu-toolchain/bin/../lib/gcc/avr/5.4.0/../../../../avr/lib/avr51\libc.a(vfprintf_std.o) (strnlen_P)
c:/program files (x86)/atmel/studio/7.0/toolchain/avr8/avr8-gnu-toolchain/bin/../lib/gcc/avr/5.4.0/../../../../avr/lib/avr51\libc.a(strnlen.o)
                              c:/program files (x86)/atmel/studio/7.0/toolchain/avr8/avr8-gnu-toolchain/bin/../lib/gcc/avr/5.4.0/../../../../avr/lib/avr51\libc.a(vfprintf_std.o) (strnlen)
c:/program files (x86)/atmel/studio/7.0/toolchain/avr8/avr8-gnu-toolchain/bin/../lib/gcc/avr/5.4.0/../../../../avr/lib/avr51\libc.a(fputc.o)
                              c:/program files (x86)/atmel/studio/7.0/toolchain/avr8/avr8-gnu-toolchain/bin/../lib/gcc/avr/5.4.0/../../../../avr/lib/avr51\libc.a(vfprintf_std.o) (fputc)
c:/program files (x86)/atmel/studio/7.0/toolchain/avr8/avr8-gnu-toolchain/bin/../lib/gcc/avr/5.4.0/../../../../avr/lib/avr51\libc.a(ultoa_invert.o)
                              c:/program files (x86)/atmel/studio/7.0/toolchain/avr8/avr8-gnu-toolchain/bin/../lib/gcc/avr/5.4.0/../../../../avr/lib/avr51\libc.a(vfprintf_std.o) (__ultoa_invert)

Allocating common symbols
Common symbol       size              file

uart0               0x67              main.o
esp8266_received_data
                    0x32              main.o
uart1               0x66              main.o
buff                0x80              main.o
rfid_uid_ch0        0x10              main.o
received_state      0x1               main.o
byte                0x1               main.o
rfid_uid_ch1        0x10              main.o
receive_length_int  0x2               main.o
TICK                0xc               main.o

Discarded input sections

 .data          0x00000000        0x0 C:/Program Files (x86)/Atmel/Studio/7.0/Packs/Atmel/ATmega_DFP/1.4.351/gcc/dev/atmega128a/avr51/crtatmega128a.o
 .bss           0x00000000        0x0 C:/Program Files (x86)/Atmel/Studio/7.0/Packs/Atmel/ATmega_DFP/1.4.351/gcc/dev/atmega128a/avr51/crtatmega128a.o
 .text          0x00000000        0x0 main.o
 .data          0x00000000        0x0 main.o
 .bss           0x00000000        0x0 main.o
 .text          0x00000000        0x0 sources/clcd_i2c.o
 .data          0x00000000        0x0 sources/clcd_i2c.o
 .bss           0x00000000        0x0 sources/clcd_i2c.o
 .text.i2c_lcd_setBacklight
                0x00000000       0x60 sources/clcd_i2c.o
 .text          0x00000000        0x0 sources/i2c_lib.o
 .data          0x00000000        0x0 sources/i2c_lib.o
 .bss           0x00000000        0x0 sources/i2c_lib.o
 .text.i2c_read_ack
                0x00000000       0x16 sources/i2c_lib.o
 .text.i2c_read_nack
                0x00000000       0x16 sources/i2c_lib.o
 .text.i2c_receive
                0x00000000       0x6c sources/i2c_lib.o
 .text.i2c_writeReg
                0x00000000       0x64 sources/i2c_lib.o
 .text.i2c_readReg
                0x00000000       0x6e sources/i2c_lib.o
 .text.i2c_stop
                0x00000000        0x8 sources/i2c_lib.o
 .text          0x00000000        0x0 sources/rc522.o
 .data          0x00000000        0x0 sources/rc522.o
 .bss           0x00000000        0x0 sources/rc522.o
 .text          0x00000000        0x0 sources/spi_lib.o
 .data          0x00000000        0x0 sources/spi_lib.o
 .bss           0x00000000        0x0 sources/spi_lib.o
 .text          0x00000000        0x0 sources/timer_lib.o
 .data          0x00000000        0x0 sources/timer_lib.o
 .bss           0x00000000        0x0 sources/timer_lib.o
 .text.setOCR3A
                0x00000000        0xa sources/timer_lib.o
 .text.setOCR3B
                0x00000000        0xa sources/timer_lib.o
 .text.setOCR3C
                0x00000000        0xa sources/timer_lib.o
 .text          0x00000000        0x0 sources/uart_lib.o
 .data          0x00000000        0x0 sources/uart_lib.o
 .bss           0x00000000        0x0 sources/uart_lib.o
 .text._uart_tx_string_in_isr
                0x00000000       0x3a sources/uart_lib.o
 .text.uart0_tx_string_IT
                0x00000000       0x40 sources/uart_lib.o
 .text.uart1_tx_string_IT
                0x00000000       0x50 sources/uart_lib.o
 .text          0x00000000        0x0 c:/program files (x86)/atmel/studio/7.0/toolchain/avr8/avr8-gnu-toolchain/bin/../lib/gcc/avr/5.4.0/avr51\libgcc.a(_udivmodsi4.o)
 .data          0x00000000        0x0 c:/program files (x86)/atmel/studio/7.0/toolchain/avr8/avr8-gnu-toolchain/bin/../lib/gcc/avr/5.4.0/avr51\libgcc.a(_udivmodsi4.o)
 .bss           0x00000000        0x0 c:/program files (x86)/atmel/studio/7.0/toolchain/avr8/avr8-gnu-toolchain/bin/../lib/gcc/avr/5.4.0/avr51\libgcc.a(_udivmodsi4.o)
 .text.libgcc.mul
                0x00000000        0x0 c:/program files (x86)/atmel/studio/7.0/toolchain/avr8/avr8-gnu-toolchain/bin/../lib/gcc/avr/5.4.0/avr51\libgcc.a(_udivmodsi4.o)
 .text.libgcc   0x00000000        0x0 c:/program files (x86)/atmel/studio/7.0/toolchain/avr8/avr8-gnu-toolchain/bin/../lib/gcc/avr/5.4.0/avr51\libgcc.a(_udivmodsi4.o)
 .text.libgcc.prologue
                0x00000000        0x0 c:/program files (x86)/atmel/studio/7.0/toolchain/avr8/avr8-gnu-toolchain/bin/../lib/gcc/avr/5.4.0/avr51\libgcc.a(_udivmodsi4.o)
 .text.libgcc.builtins
                0x00000000        0x0 c:/program files (x86)/atmel/studio/7.0/toolchain/avr8/avr8-gnu-toolchain/bin/../lib/gcc/avr/5.4.0/avr51\libgcc.a(_udivmodsi4.o)
 .text.libgcc.fmul
                0x00000000        0x0 c:/program files (x86)/atmel/studio/7.0/toolchain/avr8/avr8-gnu-toolchain/bin/../lib/gcc/avr/5.4.0/avr51\libgcc.a(_udivmodsi4.o)
 .text.libgcc.fixed
                0x00000000        0x0 c:/program files (x86)/atmel/studio/7.0/toolchain/avr8/avr8-gnu-toolchain/bin/../lib/gcc/avr/5.4.0/avr51\libgcc.a(_udivmodsi4.o)
 .text          0x00000000        0x0 c:/program files (x86)/atmel/studio/7.0/toolchain/avr8/avr8-gnu-toolchain/bin/../lib/gcc/avr/5.4.0/avr51\libgcc.a(_exit.o)
 .data          0x00000000        0x0 c:/program files (x86)/atmel/studio/7.0/toolchain/avr8/avr8-gnu-toolchain/bin/../lib/gcc/avr/5.4.0/avr51\libgcc.a(_exit.o)
 .bss           0x00000000        0x0 c:/program files (x86)/atmel/studio/7.0/toolchain/avr8/avr8-gnu-toolchain/bin/../lib/gcc/avr/5.4.0/avr51\libgcc.a(_exit.o)
 .text.libgcc.mul
                0x00000000        0x0 c:/program files (x86)/atmel/studio/7.0/toolchain/avr8/avr8-gnu-toolchain/bin/../lib/gcc/avr/5.4.0/avr51\libgcc.a(_exit.o)
 .text.libgcc.div
                0x00000000        0x0 c:/program files (x86)/atmel/studio/7.0/toolchain/avr8/avr8-gnu-toolchain/bin/../lib/gcc/avr/5.4.0/avr51\libgcc.a(_exit.o)
 .text.libgcc   0x00000000        0x0 c:/program files (x86)/atmel/studio/7.0/toolchain/avr8/avr8-gnu-toolchain/bin/../lib/gcc/avr/5.4.0/avr51\libgcc.a(_exit.o)
 .text.libgcc.prologue
                0x00000000        0x0 c:/program files (x86)/atmel/studio/7.0/toolchain/avr8/avr8-gnu-toolchain/bin/../lib/gcc/avr/5.4.0/avr51\libgcc.a(_exit.o)
 .text.libgcc.builtins
                0x00000000        0x0 c:/program files (x86)/atmel/studio/7.0/toolchain/avr8/avr8-gnu-toolchain/bin/../lib/gcc/avr/5.4.0/avr51\libgcc.a(_exit.o)
 .text.libgcc.fmul
                0x00000000        0x0 c:/program files (x86)/atmel/studio/7.0/toolchain/avr8/avr8-gnu-toolchain/bin/../lib/gcc/avr/5.4.0/avr51\libgcc.a(_exit.o)
 .text.libgcc.fixed
                0x00000000        0x0 c:/program files (x86)/atmel/studio/7.0/toolchain/avr8/avr8-gnu-toolchain/bin/../lib/gcc/avr/5.4.0/avr51\libgcc.a(_exit.o)
 .text          0x00000000        0x0 c:/program files (x86)/atmel/studio/7.0/toolchain/avr8/avr8-gnu-toolchain/bin/../lib/gcc/avr/5.4.0/avr51\libgcc.a(_copy_data.o)
 .data          0x00000000        0x0 c:/program files (x86)/atmel/studio/7.0/toolchain/avr8/avr8-gnu-toolchain/bin/../lib/gcc/avr/5.4.0/avr51\libgcc.a(_copy_data.o)
 .bss           0x00000000        0x0 c:/program files (x86)/atmel/studio/7.0/toolchain/avr8/avr8-gnu-toolchain/bin/../lib/gcc/avr/5.4.0/avr51\libgcc.a(_copy_data.o)
 .text.libgcc.mul
                0x00000000        0x0 c:/program files (x86)/atmel/studio/7.0/toolchain/avr8/avr8-gnu-toolchain/bin/../lib/gcc/avr/5.4.0/avr51\libgcc.a(_copy_data.o)
 .text.libgcc.div
                0x00000000        0x0 c:/program files (x86)/atmel/studio/7.0/toolchain/avr8/avr8-gnu-toolchain/bin/../lib/gcc/avr/5.4.0/avr51\libgcc.a(_copy_data.o)
 .text.libgcc   0x00000000        0x0 c:/program files (x86)/atmel/studio/7.0/toolchain/avr8/avr8-gnu-toolchain/bin/../lib/gcc/avr/5.4.0/avr51\libgcc.a(_copy_data.o)
 .text.libgcc.prologue
                0x00000000        0x0 c:/program files (x86)/atmel/studio/7.0/toolchain/avr8/avr8-gnu-toolchain/bin/../lib/gcc/avr/5.4.0/avr51\libgcc.a(_copy_data.o)
 .text.libgcc.builtins
                0x00000000        0x0 c:/program files (x86)/atmel/studio/7.0/toolchain/avr8/avr8-gnu-toolchain/bin/../lib/gcc/avr/5.4.0/avr51\libgcc.a(_copy_data.o)
 .text.libgcc.fmul
                0x00000000        0x0 c:/program files (x86)/atmel/studio/7.0/toolchain/avr8/avr8-gnu-toolchain/bin/../lib/gcc/avr/5.4.0/avr51\libgcc.a(_copy_data.o)
 .text.libgcc.fixed
                0x00000000        0x0 c:/program files (x86)/atmel/studio/7.0/toolchain/avr8/avr8-gnu-toolchain/bin/../lib/gcc/avr/5.4.0/avr51\libgcc.a(_copy_data.o)
 .text          0x00000000        0x0 c:/program files (x86)/atmel/studio/7.0/toolchain/avr8/avr8-gnu-toolchain/bin/../lib/gcc/avr/5.4.0/avr51\libgcc.a(_clear_bss.o)
 .data          0x00000000        0x0 c:/program files (x86)/atmel/studio/7.0/toolchain/avr8/avr8-gnu-toolchain/bin/../lib/gcc/avr/5.4.0/avr51\libgcc.a(_clear_bss.o)
 .bss           0x00000000        0x0 c:/program files (x86)/atmel/studio/7.0/toolchain/avr8/avr8-gnu-toolchain/bin/../lib/gcc/avr/5.4.0/avr51\libgcc.a(_clear_bss.o)
 .text.libgcc.mul
                0x00000000        0x0 c:/program files (x86)/atmel/studio/7.0/toolchain/avr8/avr8-gnu-toolchain/bin/../lib/gcc/avr/5.4.0/avr51\libgcc.a(_clear_bss.o)
 .text.libgcc.div
                0x00000000        0x0 c:/program files (x86)/atmel/studio/7.0/toolchain/avr8/avr8-gnu-toolchain/bin/../lib/gcc/avr/5.4.0/avr51\libgcc.a(_clear_bss.o)
 .text.libgcc   0x00000000        0x0 c:/program files (x86)/atmel/studio/7.0/toolchain/avr8/avr8-gnu-toolchain/bin/../lib/gcc/avr/5.4.0/avr51\libgcc.a(_clear_bss.o)
 .text.libgcc.prologue
                0x00000000        0x0 c:/program files (x86)/atmel/studio/7.0/toolchain/avr8/avr8-gnu-toolchain/bin/../lib/gcc/avr/5.4.0/avr51\libgcc.a(_clear_bss.o)
 .text.libgcc.builtins
                0x00000000        0x0 c:/program files (x86)/atmel/studio/7.0/toolchain/avr8/avr8-gnu-toolchain/bin/../lib/gcc/avr/5.4.0/avr51\libgcc.a(_clear_bss.o)
 .text.libgcc.fmul
                0x00000000        0x0 c:/program files (x86)/atmel/studio/7.0/toolchain/avr8/avr8-gnu-toolchain/bin/../lib/gcc/avr/5.4.0/avr51\libgcc.a(_clear_bss.o)
 .text.libgcc.fixed
                0x00000000        0x0 c:/program files (x86)/atmel/studio/7.0/toolchain/avr8/avr8-gnu-toolchain/bin/../lib/gcc/avr/5.4.0/avr51\libgcc.a(_clear_bss.o)
 .text          0x00000000        0x0 c:/program files (x86)/atmel/studio/7.0/toolchain/avr8/avr8-gnu-toolchain/bin/../lib/gcc/avr/5.4.0/../../../../avr/lib/avr51\libc.a(atoi.o)
 .data          0x00000000        0x0 c:/program files (x86)/atmel/studio/7.0/toolchain/avr8/avr8-gnu-toolchain/bin/../lib/gcc/avr/5.4.0/../../../../avr/lib/avr51\libc.a(atoi.o)
 .bss           0x00000000        0x0 c:/program files (x86)/atmel/studio/7.0/toolchain/avr8/avr8-gnu-toolchain/bin/../lib/gcc/avr/5.4.0/../../../../avr/lib/avr51\libc.a(atoi.o)
 .text          0x00000000        0x0 c:/program files (x86)/atmel/studio/7.0/toolchain/avr8/avr8-gnu-toolchain/bin/../lib/gcc/avr/5.4.0/../../../../avr/lib/avr51\libc.a(strcat.o)
 .data          0x00000000        0x0 c:/program files (x86)/atmel/studio/7.0/toolchain/avr8/avr8-gnu-toolchain/bin/../lib/gcc/avr/5.4.0/../../../../avr/lib/avr51\libc.a(strcat.o)
 .bss           0x00000000        0x0 c:/program files (x86)/atmel/studio/7.0/toolchain/avr8/avr8-gnu-toolchain/bin/../lib/gcc/avr/5.4.0/../../../../avr/lib/avr51\libc.a(strcat.o)
 .text          0x00000000        0x0 c:/program files (x86)/atmel/studio/7.0/toolchain/avr8/avr8-gnu-toolchain/bin/../lib/gcc/avr/5.4.0/../../../../avr/lib/avr51\libc.a(strcmp.o)
 .data          0x00000000        0x0 c:/program files (x86)/atmel/studio/7.0/toolchain/avr8/avr8-gnu-toolchain/bin/../lib/gcc/avr/5.4.0/../../../../avr/lib/avr51\libc.a(strcmp.o)
 .bss           0x00000000        0x0 c:/program files (x86)/atmel/studio/7.0/toolchain/avr8/avr8-gnu-toolchain/bin/../lib/gcc/avr/5.4.0/../../../../avr/lib/avr51\libc.a(strcmp.o)
 .text          0x00000000        0x0 c:/program files (x86)/atmel/studio/7.0/toolchain/avr8/avr8-gnu-toolchain/bin/../lib/gcc/avr/5.4.0/../../../../avr/lib/avr51\libc.a(strcpy.o)
 .data          0x00000000        0x0 c:/program files (x86)/atmel/studio/7.0/toolchain/avr8/avr8-gnu-toolchain/bin/../lib/gcc/avr/5.4.0/../../../../avr/lib/avr51\libc.a(strcpy.o)
 .bss           0x00000000        0x0 c:/program files (x86)/atmel/studio/7.0/toolchain/avr8/avr8-gnu-toolchain/bin/../lib/gcc/avr/5.4.0/../../../../avr/lib/avr51\libc.a(strcpy.o)
 .text          0x00000000        0x0 c:/program files (x86)/atmel/studio/7.0/toolchain/avr8/avr8-gnu-toolchain/bin/../lib/gcc/avr/5.4.0/../../../../avr/lib/avr51\libc.a(strncpy.o)
 .data          0x00000000        0x0 c:/program files (x86)/atmel/studio/7.0/toolchain/avr8/avr8-gnu-toolchain/bin/../lib/gcc/avr/5.4.0/../../../../avr/lib/avr51\libc.a(strncpy.o)
 .bss           0x00000000        0x0 c:/program files (x86)/atmel/studio/7.0/toolchain/avr8/avr8-gnu-toolchain/bin/../lib/gcc/avr/5.4.0/../../../../avr/lib/avr51\libc.a(strncpy.o)
 .text.avr-libc
                0x00000000       0x1e c:/program files (x86)/atmel/studio/7.0/toolchain/avr8/avr8-gnu-toolchain/bin/../lib/gcc/avr/5.4.0/../../../../avr/lib/avr51\libc.a(strncpy.o)
 .text          0x00000000        0x0 c:/program files (x86)/atmel/studio/7.0/toolchain/avr8/avr8-gnu-toolchain/bin/../lib/gcc/avr/5.4.0/../../../../avr/lib/avr51\libc.a(mul10.o)
 .data          0x00000000        0x0 c:/program files (x86)/atmel/studio/7.0/toolchain/avr8/avr8-gnu-toolchain/bin/../lib/gcc/avr/5.4.0/../../../../avr/lib/avr51\libc.a(mul10.o)
 .bss           0x00000000        0x0 c:/program files (x86)/atmel/studio/7.0/toolchain/avr8/avr8-gnu-toolchain/bin/../lib/gcc/avr/5.4.0/../../../../avr/lib/avr51\libc.a(mul10.o)
 .text          0x00000000        0x0 c:/program files (x86)/atmel/studio/7.0/toolchain/avr8/avr8-gnu-toolchain/bin/../lib/gcc/avr/5.4.0/../../../../avr/lib/avr51\libc.a(sprintf.o)
 .data          0x00000000        0x0 c:/program files (x86)/atmel/studio/7.0/toolchain/avr8/avr8-gnu-toolchain/bin/../lib/gcc/avr/5.4.0/../../../../avr/lib/avr51\libc.a(sprintf.o)
 .bss           0x00000000        0x0 c:/program files (x86)/atmel/studio/7.0/toolchain/avr8/avr8-gnu-toolchain/bin/../lib/gcc/avr/5.4.0/../../../../avr/lib/avr51\libc.a(sprintf.o)
 .text          0x00000000        0x0 c:/program files (x86)/atmel/studio/7.0/toolchain/avr8/avr8-gnu-toolchain/bin/../lib/gcc/avr/5.4.0/../../../../avr/lib/avr51\libc.a(vfprintf_std.o)
 .data          0x00000000        0x0 c:/program files (x86)/atmel/studio/7.0/toolchain/avr8/avr8-gnu-toolchain/bin/../lib/gcc/avr/5.4.0/../../../../avr/lib/avr51\libc.a(vfprintf_std.o)
 .bss           0x00000000        0x0 c:/program files (x86)/atmel/studio/7.0/toolchain/avr8/avr8-gnu-toolchain/bin/../lib/gcc/avr/5.4.0/../../../../avr/lib/avr51\libc.a(vfprintf_std.o)
 .text          0x00000000        0x0 c:/program files (x86)/atmel/studio/7.0/toolchain/avr8/avr8-gnu-toolchain/bin/../lib/gcc/avr/5.4.0/../../../../avr/lib/avr51\libc.a(strnlen_P.o)
 .data          0x00000000        0x0 c:/program files (x86)/atmel/studio/7.0/toolchain/avr8/avr8-gnu-toolchain/bin/../lib/gcc/avr/5.4.0/../../../../avr/lib/avr51\libc.a(strnlen_P.o)
 .bss           0x00000000        0x0 c:/program files (x86)/atmel/studio/7.0/toolchain/avr8/avr8-gnu-toolchain/bin/../lib/gcc/avr/5.4.0/../../../../avr/lib/avr51\libc.a(strnlen_P.o)
 .text          0x00000000        0x0 c:/program files (x86)/atmel/studio/7.0/toolchain/avr8/avr8-gnu-toolchain/bin/../lib/gcc/avr/5.4.0/../../../../avr/lib/avr51\libc.a(strnlen.o)
 .data          0x00000000        0x0 c:/program files (x86)/atmel/studio/7.0/toolchain/avr8/avr8-gnu-toolchain/bin/../lib/gcc/avr/5.4.0/../../../../avr/lib/avr51\libc.a(strnlen.o)
 .bss           0x00000000        0x0 c:/program files (x86)/atmel/studio/7.0/toolchain/avr8/avr8-gnu-toolchain/bin/../lib/gcc/avr/5.4.0/../../../../avr/lib/avr51\libc.a(strnlen.o)
 .text          0x00000000        0x0 c:/program files (x86)/atmel/studio/7.0/toolchain/avr8/avr8-gnu-toolchain/bin/../lib/gcc/avr/5.4.0/../../../../avr/lib/avr51\libc.a(fputc.o)
 .data          0x00000000        0x0 c:/program files (x86)/atmel/studio/7.0/toolchain/avr8/avr8-gnu-toolchain/bin/../lib/gcc/avr/5.4.0/../../../../avr/lib/avr51\libc.a(fputc.o)
 .bss           0x00000000        0x0 c:/program files (x86)/atmel/studio/7.0/toolchain/avr8/avr8-gnu-toolchain/bin/../lib/gcc/avr/5.4.0/../../../../avr/lib/avr51\libc.a(fputc.o)
 .text          0x00000000        0x0 c:/program files (x86)/atmel/studio/7.0/toolchain/avr8/avr8-gnu-toolchain/bin/../lib/gcc/avr/5.4.0/../../../../avr/lib/avr51\libc.a(ultoa_invert.o)
 .data          0x00000000        0x0 c:/program files (x86)/atmel/studio/7.0/toolchain/avr8/avr8-gnu-toolchain/bin/../lib/gcc/avr/5.4.0/../../../../avr/lib/avr51\libc.a(ultoa_invert.o)
 .bss           0x00000000        0x0 c:/program files (x86)/atmel/studio/7.0/toolchain/avr8/avr8-gnu-toolchain/bin/../lib/gcc/avr/5.4.0/../../../../avr/lib/avr51\libc.a(ultoa_invert.o)

Memory Configuration

Name             Origin             Length             Attributes
text             0x00000000         0x00020000         xr
data             0x00800100         0x00001000         rw !x
eeprom           0x00810000         0x00001000         rw !x
fuse             0x00820000         0x00000003         rw !x
lock             0x00830000         0x00000400         rw !x
signature        0x00840000         0x00000400         rw !x
user_signatures  0x00850000         0x00000400         rw !x
*default*        0x00000000         0xffffffff

Linker script and memory map

Address of section .data set to 0x800100
LOAD C:/Program Files (x86)/Atmel/Studio/7.0/Packs/Atmel/ATmega_DFP/1.4.351/gcc/dev/atmega128a/avr51/crtatmega128a.o
LOAD main.o
LOAD sources/clcd_i2c.o
LOAD sources/i2c_lib.o
LOAD sources/rc522.o
LOAD sources/spi_lib.o
LOAD sources/timer_lib.o
LOAD sources/uart_lib.o
START GROUP
LOAD c:/program files (x86)/atmel/studio/7.0/toolchain/avr8/avr8-gnu-toolchain/bin/../lib/gcc/avr/5.4.0/../../../../avr/lib/avr51\libm.a
END GROUP
START GROUP
LOAD c:/program files (x86)/atmel/studio/7.0/toolchain/avr8/avr8-gnu-toolchain/bin/../lib/gcc/avr/5.4.0/avr51\libgcc.a
LOAD c:/program files (x86)/atmel/studio/7.0/toolchain/avr8/avr8-gnu-toolchain/bin/../lib/gcc/avr/5.4.0/../../../../avr/lib/avr51\libm.a
LOAD c:/program files (x86)/atmel/studio/7.0/toolchain/avr8/avr8-gnu-toolchain/bin/../lib/gcc/avr/5.4.0/../../../../avr/lib/avr51\libc.a
LOAD C:/Program Files (x86)/Atmel/Studio/7.0/Packs/Atmel/ATmega_DFP/1.4.351/gcc/dev/atmega128a/avr51\libatmega128a.a
END GROUP
                [0x00000000]                __TEXT_REGION_ORIGIN__ = DEFINED (__TEXT_REGION_ORIGIN__)?__TEXT_REGION_ORIGIN__:0x0
                [0x00800100]                __DATA_REGION_ORIGIN__ = DEFINED (__DATA_REGION_ORIGIN__)?__DATA_REGION_ORIGIN__:0x800100
                [0x00020000]                __TEXT_REGION_LENGTH__ = DEFINED (__TEXT_REGION_LENGTH__)?__TEXT_REGION_LENGTH__:0x20000
                [0x00001000]                __DATA_REGION_LENGTH__ = DEFINED (__DATA_REGION_LENGTH__)?__DATA_REGION_LENGTH__:0xff00
                [0x00001000]                __EEPROM_REGION_LENGTH__ = DEFINED (__EEPROM_REGION_LENGTH__)?__EEPROM_REGION_LENGTH__:0x10000
                [0x00000003]                __FUSE_REGION_LENGTH__ = DEFINED (__FUSE_REGION_LENGTH__)?__FUSE_REGION_LENGTH__:0x400
                0x00000400                __LOCK_REGION_LENGTH__ = DEFINED (__LOCK_REGION_LENGTH__)?__LOCK_REGION_LENGTH__:0x400
                0x00000400                __SIGNATURE_REGION_LENGTH__ = DEFINED (__SIGNATURE_REGION_LENGTH__)?__SIGNATURE_REGION_LENGTH__:0x400
                0x00000400                __USER_SIGNATURE_REGION_LENGTH__ = DEFINED (__USER_SIGNATURE_REGION_LENGTH__)?__USER_SIGNATURE_REGION_LENGTH__:0x400

.hash
 *(.hash)

.dynsym
 *(.dynsym)

.dynstr
 *(.dynstr)

.gnu.version
 *(.gnu.version)

.gnu.version_d
 *(.gnu.version_d)

.gnu.version_r
 *(.gnu.version_r)

.rel.init
 *(.rel.init)

.rela.init
 *(.rela.init)

.rel.text
 *(.rel.text)
 *(.rel.text.*)
 *(.rel.gnu.linkonce.t*)

.rela.text
 *(.rela.text)
 *(.rela.text.*)
 *(.rela.gnu.linkonce.t*)

.rel.fini
 *(.rel.fini)

.rela.fini
 *(.rela.fini)

.rel.rodata
 *(.rel.rodata)
 *(.rel.rodata.*)
 *(.rel.gnu.linkonce.r*)

.rela.rodata
 *(.rela.rodata)
 *(.rela.rodata.*)
 *(.rela.gnu.linkonce.r*)

.rel.data
 *(.rel.data)
 *(.rel.data.*)
 *(.rel.gnu.linkonce.d*)

.rela.data
 *(.rela.data)
 *(.rela.data.*)
 *(.rela.gnu.linkonce.d*)

.rel.ctors
 *(.rel.ctors)

.rela.ctors
 *(.rela.ctors)

.rel.dtors
 *(.rel.dtors)

.rela.dtors
 *(.rela.dtors)

.rel.got
 *(.rel.got)

.rela.got
 *(.rela.got)

.rel.bss
 *(.rel.bss)

.rela.bss
 *(.rela.bss)

.rel.plt
 *(.rel.plt)

.rela.plt
 *(.rela.plt)

.text           0x00000000     0x2320
 *(.vectors)
 .vectors       0x00000000       0x8c C:/Program Files (x86)/Atmel/Studio/7.0/Packs/Atmel/ATmega_DFP/1.4.351/gcc/dev/atmega128a/avr51/crtatmega128a.o
                0x00000000                __vector_default
                0x00000000                __vectors
 *(.vectors)
 *(.progmem.gcc*)
                0x0000008c                . = ALIGN (0x2)
                0x0000008c                __trampolines_start = .
 *(.trampolines)
 .trampolines   0x0000008c        0x0 linker stubs
 *(.trampolines*)
                0x0000008c                __trampolines_end = .
 *libprintf_flt.a:*(.progmem.data)
 *libc.a:*(.progmem.data)
 *(.progmem*)
                0x0000008c                . = ALIGN (0x2)
 *(.jumptables)
 *(.jumptables*)
 *(.lowtext)
 *(.lowtext*)
                0x0000008c                __ctors_start = .
 *(.ctors)
                0x0000008c                __ctors_end = .
                0x0000008c                __dtors_start = .
 *(.dtors)
                0x0000008c                __dtors_end = .
 SORT(*)(.ctors)
 SORT(*)(.dtors)
 *(.init0)
 .init0         0x0000008c        0x0 C:/Program Files (x86)/Atmel/Studio/7.0/Packs/Atmel/ATmega_DFP/1.4.351/gcc/dev/atmega128a/avr51/crtatmega128a.o
                0x0000008c                __init
 *(.init0)
 *(.init1)
 *(.init1)
 *(.init2)
 .init2         0x0000008c        0xc C:/Program Files (x86)/Atmel/Studio/7.0/Packs/Atmel/ATmega_DFP/1.4.351/gcc/dev/atmega128a/avr51/crtatmega128a.o
 *(.init2)
 *(.init3)
 *(.init3)
 *(.init4)
 .init4         0x00000098       0x1a c:/program files (x86)/atmel/studio/7.0/toolchain/avr8/avr8-gnu-toolchain/bin/../lib/gcc/avr/5.4.0/avr51\libgcc.a(_copy_data.o)
                0x00000098                __do_copy_data
 .init4         0x000000b2       0x10 c:/program files (x86)/atmel/studio/7.0/toolchain/avr8/avr8-gnu-toolchain/bin/../lib/gcc/avr/5.4.0/avr51\libgcc.a(_clear_bss.o)
                0x000000b2                __do_clear_bss
 *(.init4)
 *(.init5)
 *(.init5)
 *(.init6)
 *(.init6)
 *(.init7)
 *(.init7)
 *(.init8)
 *(.init8)
 *(.init9)
 .init9         0x000000c2        0x6 C:/Program Files (x86)/Atmel/Studio/7.0/Packs/Atmel/ATmega_DFP/1.4.351/gcc/dev/atmega128a/avr51/crtatmega128a.o
 *(.init9)
 *(.text)
 .text          0x000000c8        0x2 C:/Program Files (x86)/Atmel/Studio/7.0/Packs/Atmel/ATmega_DFP/1.4.351/gcc/dev/atmega128a/avr51/crtatmega128a.o
                0x000000c8                __vector_22
                0x000000c8                __vector_28
                0x000000c8                __vector_1
                0x000000c8                __vector_32
                0x000000c8                __vector_34
                0x000000c8                __vector_24
                0x000000c8                __vector_12
                0x000000c8                __bad_interrupt
                0x000000c8                __vector_6
                0x000000c8                __vector_31
                0x000000c8                __vector_3
                0x000000c8                __vector_23
                0x000000c8                __vector_25
                0x000000c8                __vector_11
                0x000000c8                __vector_13
                0x000000c8                __vector_17
                0x000000c8                __vector_19
                0x000000c8                __vector_7
                0x000000c8                __vector_27
                0x000000c8                __vector_5
                0x000000c8                __vector_33
                0x000000c8                __vector_4
                0x000000c8                __vector_9
                0x000000c8                __vector_2
                0x000000c8                __vector_21
                0x000000c8                __vector_29
                0x000000c8                __vector_8
                0x000000c8                __vector_26
                0x000000c8                __vector_14
                0x000000c8                __vector_10
                0x000000c8                __vector_16
                0x000000c8                __vector_20
                0x000000ca                . = ALIGN (0x2)
 *(.text.*)
 .text.__vector_18
                0x000000ca       0x56 main.o
                0x000000ca                __vector_18
 .text.__vector_30
                0x00000120      0x1a4 main.o
                0x00000120                __vector_30
 .text.rfid_user_uid_buffer_init
                0x000002c4       0x40 main.o
                0x000002c4                rfid_user_uid_buffer_init
 .text.mfrc_print_serial
                0x00000304      0x130 main.o
                0x00000304                mfrc_print_serial
 .text.mfrc_check_and_data_receive_ch0
                0x00000434       0xc6 main.o
                0x00000434                mfrc_check_and_data_receive_ch0
 .text.mfrc_check_and_data_receive_ch1
                0x000004fa       0xc6 main.o
                0x000004fa                mfrc_check_and_data_receive_ch1
 .text.RC522_data_request_per_100ms
                0x000005c0       0x52 main.o
                0x000005c0                RC522_data_request_per_100ms
 .text.setSoundClip
                0x00000612       0x6a main.o
                0x00000612                setSoundClip
 .text.buzz_MUTE
                0x0000067c       0x10 main.o
                0x0000067c                buzz_MUTE
 .text.setSoundNote
                0x0000068c       0x20 main.o
                0x0000068c                setSoundNote
 .text.buzz_play
                0x000006ac      0x394 main.o
                0x000006ac                buzz_play
 .text.__vector_15
                0x00000a40       0x94 main.o
                0x00000a40                __vector_15
 .text.start_timer
                0x00000ad4       0x1e main.o
                0x00000ad4                start_timer
 .text.start_timeout_count
                0x00000af2       0x1a main.o
                0x00000af2                start_timeout_count
 .text.request_reset_to_admin
                0x00000b0c       0x72 main.o
                0x00000b0c                request_reset_to_admin
 .text.timeout_check
                0x00000b7e       0x36 main.o
                0x00000b7e                timeout_check
 .text.esp8266_init
                0x00000bb4      0x19a main.o
                0x00000bb4                esp8266_init
 .text.logojector_ON
                0x00000d4e        0x4 main.o
                0x00000d4e                logojector_ON
 .text.RC522_data_state_check_and_actuate
                0x00000d52      0x26c main.o
                0x00000d52                RC522_data_state_check_and_actuate
 .text.logojector_OFF
                0x00000fbe        0x4 main.o
                0x00000fbe                logojector_OFF
 .text.systems_init
                0x00000fc2       0xe6 main.o
                0x00000fc2                systems_init
 .text.main     0x000010a8       0x6a main.o
                0x000010a8                main
 .text.i2c_lcd_noBacklight
                0x00001112       0x48 sources/clcd_i2c.o
                0x00001112                i2c_lcd_noBacklight
 .text.i2c_lcd_command_8
                0x0000115a       0x34 sources/clcd_i2c.o
                0x0000115a                i2c_lcd_command_8
 .text.i2c_lcd_command
                0x0000118e       0x4e sources/clcd_i2c.o
                0x0000118e                i2c_lcd_command
 .text.i2c_lcd_init
                0x000011dc       0xb2 sources/clcd_i2c.o
                0x000011dc                i2c_lcd_init
 .text.i2c_lcd_data
                0x0000128e       0x4e sources/clcd_i2c.o
                0x0000128e                i2c_lcd_data
 .text.i2c_lcd_goto_XY
                0x000012dc       0x16 sources/clcd_i2c.o
                0x000012dc                i2c_lcd_goto_XY
 .text.i2c_lcd_string
                0x000012f2       0x1e sources/clcd_i2c.o
                0x000012f2                i2c_lcd_string
 .text.i2c_lcd_clear
                0x00001310       0x4a sources/clcd_i2c.o
                0x00001310                i2c_lcd_clear
 .text.i2c_init
                0x0000135a        0x8 sources/i2c_lib.o
                0x0000135a                i2c_init
 .text.i2c_start
                0x00001362       0x4a sources/i2c_lib.o
                0x00001362                i2c_start
 .text.i2c_write
                0x000013ac       0x24 sources/i2c_lib.o
                0x000013ac                i2c_write
 .text.i2c_transmit
                0x000013d0       0x64 sources/i2c_lib.o
                0x000013d0                i2c_transmit
 .text.mfrc522_write
                0x00001434       0x38 sources/rc522.o
 .text.mfrc522_read
                0x0000146c       0x32 sources/rc522.o
 .text.mfrc522_to_card
                0x0000149e      0x23a sources/rc522.o
 .text.mfrc522_init
                0x000016d8       0x90 sources/rc522.o
                0x000016d8                mfrc522_init
 .text.mfrc522_version_check
                0x00001768       0xac sources/rc522.o
                0x00001768                mfrc522_version_check
 .text.mfrc522_IRQ_enable
                0x00001814       0x28 sources/rc522.o
                0x00001814                mfrc522_IRQ_enable
 .text.mfrc522_request
                0x0000183c       0x6a sources/rc522.o
                0x0000183c                mfrc522_request
 .text.mfrc522_get_card_serial
                0x000018a6       0x74 sources/rc522.o
                0x000018a6                mfrc522_get_card_serial
 .text.spi_init
                0x0000191a       0x86 sources/spi_lib.o
                0x0000191a                spi_init
 .text.spi_master_tx
                0x000019a0        0x8 sources/spi_lib.o
                0x000019a0                spi_master_tx
 .text.spi_master_rx
                0x000019a8        0xa sources/spi_lib.o
                0x000019a8                spi_master_rx
 .text.timer0_init
                0x000019b2       0x12 sources/timer_lib.o
                0x000019b2                timer0_init
 .text.timer3_init
                0x000019c4       0x20 sources/timer_lib.o
                0x000019c4                timer3_init
 .text.setICR3  0x000019e4        0xa sources/timer_lib.o
                0x000019e4                setICR3
 .text.uart_init
                0x000019ee       0x5a sources/uart_lib.o
                0x000019ee                uart_init
 .text.uart0_tx_char
                0x00001a48        0x8 sources/uart_lib.o
                0x00001a48                uart0_tx_char
 .text.uart0_tx_string
                0x00001a50       0x1c sources/uart_lib.o
                0x00001a50                uart0_tx_string
 .text.uart1_tx_char
                0x00001a6c       0x10 sources/uart_lib.o
                0x00001a6c                uart1_tx_char
 .text.uart1_tx_string
                0x00001a7c       0x1c sources/uart_lib.o
                0x00001a7c                uart1_tx_string
 .text.IntToString
                0x00001a98       0x5e sources/uart_lib.o
                0x00001a98                IntToString
 .text.HexToString
                0x00001af6       0x5e sources/uart_lib.o
                0x00001af6                HexToString
 .text.connect_to_AP
                0x00001b54       0xac sources/uart_lib.o
                0x00001b54                connect_to_AP
 .text.TCP_connect
                0x00001c00       0xa2 sources/uart_lib.o
                0x00001c00                TCP_connect
 .text.libgcc.div
                0x00001ca2       0x44 c:/program files (x86)/atmel/studio/7.0/toolchain/avr8/avr8-gnu-toolchain/bin/../lib/gcc/avr/5.4.0/avr51\libgcc.a(_udivmodsi4.o)
                0x00001ca2                __udivmodsi4
 .text.avr-libc
                0x00001ce6       0x3a c:/program files (x86)/atmel/studio/7.0/toolchain/avr8/avr8-gnu-toolchain/bin/../lib/gcc/avr/5.4.0/../../../../avr/lib/avr51\libc.a(atoi.o)
                0x00001ce6                atoi
 .text.avr-libc
                0x00001d20       0x16 c:/program files (x86)/atmel/studio/7.0/toolchain/avr8/avr8-gnu-toolchain/bin/../lib/gcc/avr/5.4.0/../../../../avr/lib/avr51\libc.a(strcat.o)
                0x00001d20                strcat
 .text.avr-libc
                0x00001d36       0x12 c:/program files (x86)/atmel/studio/7.0/toolchain/avr8/avr8-gnu-toolchain/bin/../lib/gcc/avr/5.4.0/../../../../avr/lib/avr51\libc.a(strcmp.o)
                0x00001d36                strcmp
 .text.avr-libc
                0x00001d48        0xe c:/program files (x86)/atmel/studio/7.0/toolchain/avr8/avr8-gnu-toolchain/bin/../lib/gcc/avr/5.4.0/../../../../avr/lib/avr51\libc.a(strcpy.o)
                0x00001d48                strcpy
 .text.avr-libc
                0x00001d56       0x10 c:/program files (x86)/atmel/studio/7.0/toolchain/avr8/avr8-gnu-toolchain/bin/../lib/gcc/avr/5.4.0/../../../../avr/lib/avr51\libc.a(mul10.o)
                0x00001d56                __mulhi_const_10
 .text.avr-libc
                0x00001d66       0x5c c:/program files (x86)/atmel/studio/7.0/toolchain/avr8/avr8-gnu-toolchain/bin/../lib/gcc/avr/5.4.0/../../../../avr/lib/avr51\libc.a(sprintf.o)
                0x00001d66                sprintf
 .text.avr-libc
                0x00001dc2      0x3fa c:/program files (x86)/atmel/studio/7.0/toolchain/avr8/avr8-gnu-toolchain/bin/../lib/gcc/avr/5.4.0/../../../../avr/lib/avr51\libc.a(vfprintf_std.o)
                0x00001dc2                vfprintf
 .text.avr-libc
                0x000021bc       0x16 c:/program files (x86)/atmel/studio/7.0/toolchain/avr8/avr8-gnu-toolchain/bin/../lib/gcc/avr/5.4.0/../../../../avr/lib/avr51\libc.a(strnlen_P.o)
                0x000021bc                strnlen_P
 .text.avr-libc
                0x000021d2       0x16 c:/program files (x86)/atmel/studio/7.0/toolchain/avr8/avr8-gnu-toolchain/bin/../lib/gcc/avr/5.4.0/../../../../avr/lib/avr51\libc.a(strnlen.o)
                0x000021d2                strnlen
 .text.avr-libc
                0x000021e8       0x78 c:/program files (x86)/atmel/studio/7.0/toolchain/avr8/avr8-gnu-toolchain/bin/../lib/gcc/avr/5.4.0/../../../../avr/lib/avr51\libc.a(fputc.o)
                0x000021e8                fputc
 .text.avr-libc
                0x00002260       0xbc c:/program files (x86)/atmel/studio/7.0/toolchain/avr8/avr8-gnu-toolchain/bin/../lib/gcc/avr/5.4.0/../../../../avr/lib/avr51\libc.a(ultoa_invert.o)
                0x00002260                __ultoa_invert
                0x0000231c                . = ALIGN (0x2)
 *(.fini9)
 .fini9         0x0000231c        0x0 c:/program files (x86)/atmel/studio/7.0/toolchain/avr8/avr8-gnu-toolchain/bin/../lib/gcc/avr/5.4.0/avr51\libgcc.a(_exit.o)
                0x0000231c                _exit
                0x0000231c                exit
 *(.fini9)
 *(.fini8)
 *(.fini8)
 *(.fini7)
 *(.fini7)
 *(.fini6)
 *(.fini6)
 *(.fini5)
 *(.fini5)
 *(.fini4)
 *(.fini4)
 *(.fini3)
 *(.fini3)
 *(.fini2)
 *(.fini2)
 *(.fini1)
 *(.fini1)
 *(.fini0)
 .fini0         0x0000231c        0x4 c:/program files (x86)/atmel/studio/7.0/toolchain/avr8/avr8-gnu-toolchain/bin/../lib/gcc/avr/5.4.0/avr51\libgcc.a(_exit.o)
 *(.fini0)
                0x00002320                _etext = .

.data           0x00800100      0x3a6 load address 0x00002320
                0x00800100                PROVIDE (__data_start, .)
 *(.data)
 *(.data*)
 .data.start_timeout_count_flag
                0x00800100        0x2 main.o
                0x00800100                start_timeout_count_flag
 .data.start_timer_flag
                0x00800102        0x2 main.o
                0x00800102                start_timer_flag
 .data.detected_flag_ch1
                0x00800104        0x1 main.o
                0x00800104                detected_flag_ch1
 .data.detected_flag_ch0
                0x00800105        0x1 main.o
                0x00800105                detected_flag_ch0
 .data.I2C_addr_PCF8574
                0x00800106        0x1 sources/clcd_i2c.o
                0x00800106                I2C_addr_PCF8574
 *(.gnu.linkonce.d*)
 *(.rodata)
 .rodata        0x00800107       0x15 main.o
 *(.rodata*)
 .rodata.str1.1
                0x0080011c      0x27e main.o
                                0x286 (size before relaxing)
 .rodata.str1.1
                0x0080039a       0x36 sources/clcd_i2c.o
 .rodata.row_offsets.2362
                0x008003d0        0x8 sources/clcd_i2c.o
 .rodata.str1.1
                0x008003d8       0xb1 sources/rc522.o
 .rodata.str1.1
                0x00800489       0x1d sources/uart_lib.o
 *(.gnu.linkonce.r*)
                0x008004a6                . = ALIGN (0x2)
                0x008004a6                _edata = .
                0x008004a6                PROVIDE (__data_end, .)

.bss            0x008004a6      0x1dc
                0x008004a6                PROVIDE (__bss_start, .)
 *(.bss)
 *(.bss*)
 .bss.toggle_flag.2445
                0x008004a6        0x1 main.o
 .bss._byte.2446
                0x008004a7        0x1 main.o
 .bss.noise_flag.2444
                0x008004a8        0x1 main.o
 .bss.toggle_flag.2439
                0x008004a9        0x1 main.o
 .bss._byte.2440
                0x008004aa        0x1 main.o
 .bss.noise_flag.2438
                0x008004ab        0x1 main.o
 .bss.toggle.2430
                0x008004ac        0x1 main.o
 .bss.parse_data_flag.2423
                0x008004ad        0x1 main.o
 .bss.data_cnt.2422
                0x008004ae        0x1 main.o
 .bss.parse_cnt.2421
                0x008004af        0x1 main.o
 .bss.cnt.2420  0x008004b0        0x1 main.o
 .bss.receive_length
                0x008004b1        0x1 main.o
                0x008004b1                receive_length
 .bss.esp8266_return_result_flag
                0x008004b2        0x1 main.o
                0x008004b2                esp8266_return_result_flag
 .bss.esp8266_receiving_flag
                0x008004b3        0x1 main.o
                0x008004b3                esp8266_receiving_flag
 .bss.esp8266_send_ready_flag
                0x008004b4        0x1 main.o
                0x008004b4                esp8266_send_ready_flag
 .bss.rfid_user_flag
                0x008004b5        0x2 main.o
                0x008004b5                rfid_user_flag
 .bss.rfid_user_count_pointer
                0x008004b7        0x2 main.o
                0x008004b7                rfid_user_count_pointer
 .bss.rfid_user_uid_buffer
                0x008004b9       0x19 main.o
                0x008004b9                rfid_user_uid_buffer
 .bss.music_flag
                0x008004d2        0x1 main.o
                0x008004d2                music_flag
 *(COMMON)
 COMMON         0x008004d3      0x1af main.o
                0x008004d3                uart0
                0x0080053a                esp8266_received_data
                0x0080056c                uart1
                0x008005d2                buff
                0x00800652                rfid_uid_ch0
                0x00800662                received_state
                0x00800663                byte
                0x00800664                rfid_uid_ch1
                0x00800674                receive_length_int
                0x00800676                TICK
                0x00800682                PROVIDE (__bss_end, .)
                0x00002320                __data_load_start = LOADADDR (.data)
                0x000026c6                __data_load_end = (__data_load_start + SIZEOF (.data))

.noinit         0x00800682        0x0
                [!provide]                PROVIDE (__noinit_start, .)
 *(.noinit*)
                [!provide]                PROVIDE (__noinit_end, .)
                0x00800682                _end = .
                [!provide]                PROVIDE (__heap_start, .)

.eeprom         0x00810000        0x0
 *(.eeprom*)
                0x00810000                __eeprom_end = .

.fuse
 *(.fuse)
 *(.lfuse)
 *(.hfuse)
 *(.efuse)

.lock
 *(.lock*)

.signature
 *(.signature*)

.user_signatures
 *(.user_signatures*)

.stab
 *(.stab)

.stabstr
 *(.stabstr)

.stab.excl
 *(.stab.excl)

.stab.exclstr
 *(.stab.exclstr)

.stab.index
 *(.stab.index)

.stab.indexstr
 *(.stab.indexstr)

.comment        0x00000000       0x5c
 *(.comment)
 .comment       0x00000000       0x30 main.o
                                 0x31 (size before relaxing)
 .comment       0x00000030       0x31 sources/clcd_i2c.o
 .comment       0x00000030       0x31 sources/i2c_lib.o
 .comment       0x00000030       0x31 sources/rc522.o
 .comment       0x00000030       0x31 sources/spi_lib.o
 .comment       0x00000030       0x31 sources/timer_lib.o
 .comment       0x00000030       0x31 sources/uart_lib.o
 .comment       0x00000030       0x31 c:/program files (x86)/atmel/studio/7.0/toolchain/avr8/avr8-gnu-toolchain/bin/../lib/gcc/avr/5.4.0/../../../../avr/lib/avr51\libc.a(sprintf.o)
 .comment       0x00000030       0x2c c:/program files (x86)/atmel/studio/7.0/toolchain/avr8/avr8-gnu-toolchain/bin/../lib/gcc/avr/5.4.0/../../../../avr/lib/avr51\libc.a(vfprintf_std.o)
                                 0x2d (size before relaxing)
 .comment       0x0000005c       0x31 c:/program files (x86)/atmel/studio/7.0/toolchain/avr8/avr8-gnu-toolchain/bin/../lib/gcc/avr/5.4.0/../../../../avr/lib/avr51\libc.a(fputc.o)

.note.gnu.avr.deviceinfo
                0x00000000       0x40
 .note.gnu.avr.deviceinfo
                0x00000000       0x40 C:/Program Files (x86)/Atmel/Studio/7.0/Packs/Atmel/ATmega_DFP/1.4.351/gcc/dev/atmega128a/avr51/crtatmega128a.o

.note.gnu.build-id
 *(.note.gnu.build-id)

.debug
 *(.debug)

.line
 *(.line)

.debug_srcinfo
 *(.debug_srcinfo)

.debug_sfnames
 *(.debug_sfnames)

.debug_aranges  0x00000000      0x2d8
 *(.debug_aranges)
 .debug_aranges
                0x00000000       0xc8 main.o
 .debug_aranges
                0x000000c8       0x60 sources/clcd_i2c.o
 .debug_aranges
                0x00000128       0x68 sources/i2c_lib.o
 .debug_aranges
                0x00000190       0x58 sources/rc522.o
 .debug_aranges
                0x000001e8       0x30 sources/spi_lib.o
 .debug_aranges
                0x00000218       0x48 sources/timer_lib.o
 .debug_aranges
                0x00000260       0x78 sources/uart_lib.o

.debug_pubnames
 *(.debug_pubnames)

.debug_info     0x00000000     0x463e
 *(.debug_info .gnu.linkonce.wi.*)
 .debug_info    0x00000000      0x780 C:/Program Files (x86)/Atmel/Studio/7.0/Packs/Atmel/ATmega_DFP/1.4.351/gcc/dev/atmega128a/avr51/crtatmega128a.o
 .debug_info    0x00000780     0x1c5e main.o
 .debug_info    0x000023de      0x94d sources/clcd_i2c.o
 .debug_info    0x00002d2b      0x475 sources/i2c_lib.o
 .debug_info    0x000031a0      0xbbd sources/rc522.o
 .debug_info    0x00003d5d      0x14f sources/spi_lib.o
 .debug_info    0x00003eac      0x175 sources/timer_lib.o
 .debug_info    0x00004021      0x61d sources/uart_lib.o

.debug_abbrev   0x00000000     0x1339
 *(.debug_abbrev)
 .debug_abbrev  0x00000000      0x718 C:/Program Files (x86)/Atmel/Studio/7.0/Packs/Atmel/ATmega_DFP/1.4.351/gcc/dev/atmega128a/avr51/crtatmega128a.o
 .debug_abbrev  0x00000718      0x2b1 main.o
 .debug_abbrev  0x000009c9      0x1ed sources/clcd_i2c.o
 .debug_abbrev  0x00000bb6      0x1a3 sources/i2c_lib.o
 .debug_abbrev  0x00000d59      0x258 sources/rc522.o
 .debug_abbrev  0x00000fb1       0xfb sources/spi_lib.o
 .debug_abbrev  0x000010ac       0xe1 sources/timer_lib.o
 .debug_abbrev  0x0000118d      0x1ac sources/uart_lib.o

.debug_line     0x00000000     0x21a8
 *(.debug_line .debug_line.* .debug_line_end)
 .debug_line    0x00000000      0x16a C:/Program Files (x86)/Atmel/Studio/7.0/Packs/Atmel/ATmega_DFP/1.4.351/gcc/dev/atmega128a/avr51/crtatmega128a.o
 .debug_line    0x0000016a      0xd96 main.o
 .debug_line    0x00000f00      0x3b7 sources/clcd_i2c.o
 .debug_line    0x000012b7      0x383 sources/i2c_lib.o
 .debug_line    0x0000163a      0x4b7 sources/rc522.o
 .debug_line    0x00001af1      0x1f6 sources/spi_lib.o
 .debug_line    0x00001ce7      0x168 sources/timer_lib.o
 .debug_line    0x00001e4f      0x359 sources/uart_lib.o

.debug_frame    0x00000000      0x954
 *(.debug_frame)
 .debug_frame   0x00000000      0x300 main.o
 .debug_frame   0x00000300      0x110 sources/clcd_i2c.o
 .debug_frame   0x00000410      0x150 sources/i2c_lib.o
 .debug_frame   0x00000560      0x190 sources/rc522.o
 .debug_frame   0x000006f0       0x54 sources/spi_lib.o
 .debug_frame   0x00000744       0x74 sources/timer_lib.o
 .debug_frame   0x000007b8      0x19c sources/uart_lib.o

.debug_str      0x00000000      0xca9
 *(.debug_str)
 .debug_str     0x00000000      0x27d C:/Program Files (x86)/Atmel/Studio/7.0/Packs/Atmel/ATmega_DFP/1.4.351/gcc/dev/atmega128a/avr51/crtatmega128a.o
 .debug_str     0x0000027d      0x681 main.o
                                0x6d9 (size before relaxing)
 .debug_str     0x000008fe      0x10b sources/clcd_i2c.o
                                0x343 (size before relaxing)
 .debug_str     0x00000a09       0x90 sources/i2c_lib.o
                                0x273 (size before relaxing)
 .debug_str     0x00000a99      0x105 sources/rc522.o
                                0x3a2 (size before relaxing)
 .debug_str     0x00000b9e       0x54 sources/spi_lib.o
                                0x1fd (size before relaxing)
 .debug_str     0x00000bf2       0x32 sources/timer_lib.o
                                0x1c0 (size before relaxing)
 .debug_str     0x00000c24       0x85 sources/uart_lib.o
                                0x2ef (size before relaxing)

.debug_loc      0x00000000     0x2bea
 *(.debug_loc)
 .debug_loc     0x00000000      0xc34 main.o
 .debug_loc     0x00000c34      0x79a sources/clcd_i2c.o
 .debug_loc     0x000013ce      0x6e5 sources/i2c_lib.o
 .debug_loc     0x00001ab3      0xa39 sources/rc522.o
 .debug_loc     0x000024ec      0x110 sources/spi_lib.o
 .debug_loc     0x000025fc       0x14 sources/timer_lib.o
 .debug_loc     0x00002610      0x5da sources/uart_lib.o

.debug_macinfo
 *(.debug_macinfo)

.debug_weaknames
 *(.debug_weaknames)

.debug_funcnames
 *(.debug_funcnames)

.debug_typenames
 *(.debug_typenames)

.debug_varnames
 *(.debug_varnames)

.debug_pubtypes
 *(.debug_pubtypes)

.debug_ranges   0x00000000      0x298
 *(.debug_ranges)
 .debug_ranges  0x00000000       0xb8 main.o
 .debug_ranges  0x000000b8       0x50 sources/clcd_i2c.o
 .debug_ranges  0x00000108       0x88 sources/i2c_lib.o
 .debug_ranges  0x00000190       0x48 sources/rc522.o
 .debug_ranges  0x000001d8       0x20 sources/spi_lib.o
 .debug_ranges  0x000001f8       0x38 sources/timer_lib.o
 .debug_ranges  0x00000230       0x68 sources/uart_lib.o

.debug_macro
 *(.debug_macro)
OUTPUT(parking_system_project_0.1v.elf elf32-avr)
LOAD linker stubs
